node.exe : npm warn Unknown user config "msvs_
version". This will stop working in the next m
ajor version of npm.
위치 C:\Program Files\nodejs\npm.ps1:29 문자:3
+   & $NODE_EXE $NPM_CLI_JS $args
+   ~~~~~~~~~~~~~~~~~~~~~~~~~~~~~
    + CategoryInfo          : NotSpecified: ( 
   npm warn Unknow...version of npm.:String)  
   [], RemoteException
    + FullyQualifiedErrorId : NativeCommandEr 
   ror
 
npm warn Unknown user config "msvs-version". T
his will stop working in the next major versio
n of npm.

> shard@0.0.1 test
> jest --runInBand --forceExit test/RecoverChecksum.test.ts

FAIL test/RecoverChecksum.test.ts (5.71 s)
  Recovery Checksum with Shard API
    횞 should ignore corrupted pages in WAL dur
ing recovery (76 ms)
    ??should recover valid pages correctly (36
 ms)

  ??Recovery Checksum with Shard API ??should 
ignore corrupted pages in WAL during recovery

    RID not found for PK: 1

    [0m [90m 416 |[39m     [36mconst[39m 
page [33m=[39m [36mawait[39m [36mthis[39
m[33m.[39mpfs[33m.[39m[36mget[39m(pageId
[33m,[39m tx)
     [90m 417 |[39m     [36mif[39m ([33m!
[39m[36mthis[39m[33m.[39mfactory[33m.[3
9misDataPage(page)) {
    [31m[1m>[22m[39m[90m 418 |[39m      
 [36mthrow[39m [36mnew[39m [33mError[39m
([32m`RID not found for PK: ${pk}`[39m)
     [90m     |[39m             [31m[1m^[
22m[39m
     [90m 419 |[39m     }
     [90m 420 |[39m
     [90m 421 |[39m     [36mconst[39m mana
ger [33m=[39m [36mthis[39m[33m.[39mfacto
ry[33m.[39mgetManager(page)[0m

      at RowTableEngine.fetchRowByRid (src/cor
e/RowTableEngine.ts:418:13)
      at src/core/Shard.ts:273:20
      at Shard.runWithDefault (src/core/Shard.
ts:166:29)
      at Object.<anonymous> (test/RecoverCheck
sum.test.ts:156:22)

Test Suites: 1 failed, 1 total
Tests:       1 failed, 1 passed, 2 total
Snapshots:   0 total
Time:        5.886 s
Ran all test suites matching test/RecoverCheck
sum.test.ts.
Force exiting Jest: Have you considered using 
`--detectOpenHandles` to detect async operatio
ns that kept running after all tests finished?
